
ΓòöΓòÉΓòÉΓòÉΓòÉΓòÉΓòÉΓòÉΓòÉΓòÉΓòÉΓòÉΓòÉΓòÉΓòÉΓòÉΓòÉΓòÉΓòÉΓòÉΓòÉΓòÉΓòÉΓòÉΓòÉΓòÉΓòÉΓòÉΓòÉΓòÉΓòÉΓòÉΓòÉΓòÉΓòÉΓòÉΓòÉΓòÉΓòÉΓòÉΓòÉΓòÉΓòÉΓòÉΓòÉΓòÉΓòÉΓòÉΓòÉΓòù
Γòæ  σ▒▒Σ╕£σìçτ║º - Φ╖ƒτëîσÆîτö⌐τëîµ╡ïΦ»òσÑùΣ╗╢                Γòæ
ΓòÜΓòÉΓòÉΓòÉΓòÉΓòÉΓòÉΓòÉΓòÉΓòÉΓòÉΓòÉΓòÉΓòÉΓòÉΓòÉΓòÉΓòÉΓòÉΓòÉΓòÉΓòÉΓòÉΓòÉΓòÉΓòÉΓòÉΓòÉΓòÉΓòÉΓòÉΓòÉΓòÉΓòÉΓòÉΓòÉΓòÉΓòÉΓòÉΓòÉΓòÉΓòÉΓòÉΓòÉΓòÉΓòÉΓòÉΓòÉΓòÉΓò¥


========== µ╡ïΦ»ò1: σƒ║τíÇσìòσ╝áΦ╖ƒτëî ==========
Γ£à 1.1 µ£ëΦè▒Φë▓µù╢σÅ»Σ╗Ñσç║Σ╗╗µäÅσÉîΦè▒Φë▓σìòσ╝á
Γ£à 1.2 µ£ëΦè▒Φë▓µù╢Σ╕ìΦâ╜σç║σà╢Σ╗ûΦè▒Φë▓

========== µ╡ïΦ»ò2: σ»╣σ¡ÉΦ╖ƒτëîΦºäσêÖ ==========
Γ£à 2.1 µ£ëσ»╣σ¡Éµù╢σç║σ»╣σ¡É∩╝êσÉêµ│ò∩╝ë
Γ£à 2.2 µ£ëσ»╣σ¡Éµù╢Σ╕ìΦâ╜σç║Σ╕ñσ╝áσìòσ╝á
Γ£à 2.3 µ▓íµ£ëσ»╣σ¡Éµù╢σç║Σ╕ñσ╝áµ£ÇσñºτÜäσìòσ╝á∩╝êσÉêµ│ò∩╝ë
Γ£à 2.4 µ▓íµ£ëσ»╣σ¡Éµù╢Σ╕ìΦâ╜σç║Θ¥₧µ£ÇσñºτÜäσìòσ╝á

========== µ╡ïΦ»ò3: Σ╕╗σë»τëîΦ»åσê½ ==========
Γ£à 3.1 σñºτÄïµÿ»Σ╕╗τëî
Γ£à 3.2 σ░ÅτÄïµÿ»Σ╕╗τëî
Γ£à 3.3 Σ╕╗Φè▒Φë▓τÜäτ║ºτëîµÿ»Σ╕╗τëî
Γ£à 3.4 σë»Φè▒Φë▓τÜäτ║ºτëîΣ╣ƒµÿ»Σ╕╗τëî
Γ£à 3.5 σ╕╕Σ╕╗3µÿ»Σ╕╗τëî
Γ£à 3.6 σ╕╕Σ╕╗5µÿ»Σ╕╗τëî
Γ£à 3.7 Σ╕╗Φè▒Φë▓Kµÿ»Σ╕╗τëî
Γ£à 3.8 σë»Φè▒Φë▓KΣ╕ìµÿ»Σ╕╗τëî

========== µ╡ïΦ»ò4: σ₧½τëîΦºäσêÖ ==========
≡ƒöì σ╝ÇσºïµúÇµƒÑτö⌐τëîµÿ»σÉªΣ╝ÜΦó½σÉªσ«Ü: { playerId: 0, cardsCount: 2, cards: [ 'hearts_A', 'hearts_K' ] }
≡ƒöì τëîµò░Σ╕ìΦ╢│5σ╝á∩╝îµùáµ│òσ╜óµêÉΘí║σ¡É
≡ƒöì µúÇµ╡ïσê░τÜäΘí║σ¡É: 0 τ╗ä
≡ƒöì Θ¢¿Σ╣ïσÉÄσë⌐Σ╜Öτëîµò░: 2 σ╝á
≡ƒöì σêåµ₧Éτ╗ôµ₧£: { singles: 2, pairs: 0 }
≡ƒöì σ»╣σ¡Éµò░ΘçÅΣ╕ìΦ╢│∩╝îµùáµ│òσ╜óµêÉΦ┐₧σ»╣
≡ƒöì µúÇµ╡ïσê░τÜäΦ┐₧σ»╣: 0 τ╗ä
≡ƒöì µ£Çτ╗êτï¼τ½ïσ»╣σ¡É: 0 σ»╣
≡ƒöì Σ╕╗τëîµò░ΘçÅΣ╕ìΦ╢│4σ╝á∩╝îµùáµ│òσ╜óµêÉΘù¬/Θ£ç
≡ƒöì µúÇµ╡ïσê░τÜäΘù¬/Θ£ç: 0 τ╗ä
≡ƒöì µ£Çτ╗êτï¼τ½ïσìòσ╝á: 2 σ╝á
≡ƒöì σìòΣ╜ìσêåµ₧Éσ«îµêÉ: {
  singles: 2,
  pairs: 0,
  consecutivePairs: 0,
  straights: 0,
  flashes: 0,
  thunders: 0
}
≡ƒöì µúÇµƒÑ singles: 2 Σ╕¬σìòΣ╜ì
≡ƒöì µ£Çσ░ÅσìòΣ╜ì (singles): [ 'hearts_K' ]
node : 
At C:\Users\Anthony\AppData\Local\Temp\ps-script-4fad3854-92af-4bfe-8813-f9e44b38753b.ps1:86 char:1
+ node test-runner.js > test-output.txt 2>&1
+ ~~~~~~~~~~~~~~~~~~~~~~~~~~~~~~~~~~~~~~~~~~
    + CategoryInfo          : NotSpecified: (:String) [], RemoteException
    + FullyQualifiedErrorId : NativeCommandError
 
≡ƒÆÑ µ╡ïΦ»òΦ┐çτ¿ïΣ╕¡σÅæτöƒΘöÖΦ»»: TypeError: this.canPlayerBeatUnit is not a function
    at Object.canBeBeatenByOthers (C:\Users\Anthony\Desktop\sdsj\backend\src\models\ShandongUpgradeGame.js:3217:16)
    at Object.judgeLeadMixedAndForce (C:\Users\Anthony\Desktop\sdsj\backend\src\models\ShandongUpgradeGame.js:2924:29)
    at Object.validatePlayCards (C:\Users\Anthony\Desktop\sdsj\backend\src\models\ShandongUpgradeGame.js:1307:38)
    at FollowCardTester.mockLeadCards (C:\Users\Anthony\Desktop\sdsj\backend\src\models\FollowCardTest.js:122:29)
    at FollowCardTester.testPadding (C:\Users\Anthony\Desktop\sdsj\backend\src\models\FollowCardTest.js:368:10)
    at FollowCardTester.runAllTests (C:\Users\Anthony\Desktop\sdsj\backend\src\models\FollowCardTest.js:775:12)
    at Object.<anonymous> (C:\Users\Anthony\Desktop\sdsj\backend\test-runner.js:17:20)
    at Module._compile (node:internal/modules/cjs/loader:1469:14)
    at Module._extensions..js (node:internal/modules/cjs/loader:1548:10)
    at Module.load (node:internal/modules/cjs/loader:1288:32)
TypeError: this.canPlayerBeatUnit is not a function
    at Object.canBeBeatenByOthers (C:\Users\Anthony\Desktop\sdsj\backend\src\models\ShandongUpgradeGame.js:3217:16)
    at Object.judgeLeadMixedAndForce (C:\Users\Anthony\Desktop\sdsj\backend\src\models\ShandongUpgradeGame.js:2924:29)
    at Object.validatePlayCards (C:\Users\Anthony\Desktop\sdsj\backend\src\models\ShandongUpgradeGame.js:1307:38)
    at FollowCardTester.mockLeadCards (C:\Users\Anthony\Desktop\sdsj\backend\src\models\FollowCardTest.js:122:29)
    at FollowCardTester.testPadding (C:\Users\Anthony\Desktop\sdsj\backend\src\models\FollowCardTest.js:368:10)
    at FollowCardTester.runAllTests (C:\Users\Anthony\Desktop\sdsj\backend\src\models\FollowCardTest.js:775:12)
    at Object.<anonymous> (C:\Users\Anthony\Desktop\sdsj\backend\test-runner.js:17:20)
    at Module._compile (node:internal/modules/cjs/loader:1469:14)
    at Module._extensions..js (node:internal/modules/cjs/loader:1548:10)
    at Module.load (node:internal/modules/cjs/loader:1288:32)


ΓòöΓòÉΓòÉΓòÉΓòÉΓòÉΓòÉΓòÉΓòÉΓòÉΓòÉΓòÉΓòÉΓòÉΓòÉΓòÉΓòÉΓòÉΓòÉΓòÉΓòÉΓòÉΓòÉΓòÉΓòÉΓòÉΓòÉΓòÉΓòÉΓòÉΓòÉΓòÉΓòÉΓòÉΓòÉΓòÉΓòÉΓòÉΓòÉΓòÉΓòÉΓòÉΓòÉΓòÉΓòÉΓòÉΓòÉΓòÉΓòÉΓòù
Γòæ  µ╡ïΦ»òµÇ╗τ╗ô                                      Γòæ
ΓòÜΓòÉΓòÉΓòÉΓòÉΓòÉΓòÉΓòÉΓòÉΓòÉΓòÉΓòÉΓòÉΓòÉΓòÉΓòÉΓòÉΓòÉΓòÉΓòÉΓòÉΓòÉΓòÉΓòÉΓòÉΓòÉΓòÉΓòÉΓòÉΓòÉΓòÉΓòÉΓòÉΓòÉΓòÉΓòÉΓòÉΓòÉΓòÉΓòÉΓòÉΓòÉΓòÉΓòÉΓòÉΓòÉΓòÉΓòÉΓòÉΓò¥

µÇ╗µ╡ïΦ»òµò░: 14
Γ£à ΘÇÜΦ┐ç: 14
Γ¥î σñ▒Φ┤Ñ: 0
ΘÇÜΦ┐çτÄç: 100.00%


Γ¥î µ╡ïΦ»òτ╗ôµ₧£µ£¬σ«ÜΣ╣ë
